Microchip MPLAB XC8 Compiler V2.20

Linker command line:

-W-3 --edf=C:\Program Files\Microchip\xc8\v2.20\pic\dat\en_msgs.txt -cn \
  -h+dist/default/production\2.X.production.sym \
  --cmf=dist/default/production\2.X.production.cmf -z -Q16F877A \
  -oC:\Users\mosta\AppData\Local\Temp\s12g.2 --defsym=__MPLAB_BUILD=1 \
  -Mdist/default/production/2.X.production.map -E1 -ver=XC8 Compiler \
  --acfsm=1493 -ASTACK=0110h-016Fh -pstack=STACK -ACODE=00h-07FFhx4 \
  -ASTRCODE=00h-01FFFh -ASTRING=00h-0FFhx32 -ACONST=00h-0FFhx32 \
  -AENTRY=00h-0FFhx32 -ACOMMON=070h-07Fh -ABANK0=020h-06Fh \
  -ABANK1=0A0h-0EFh -ABANK2=0110h-016Fh -ABANK3=0190h-01EFh \
  -ARAM=020h-06Fh,0A0h-0EFh,0110h-016Fh,0190h-01EFh \
  -AABS1=020h-07Fh,0A0h-0EFh,0110h-016Fh,0190h-01EFh -ASFR0=00h-01Fh \
  -ASFR1=080h-09Fh -ASFR2=0100h-010Fh -ASFR3=0180h-018Fh \
  -ACONFIG=02007h-02007h -DCONFIG=2 -AIDLOC=02000h-02003h -DIDLOC=2 \
  -preset_vec=00h,intentry=04h,init,end_init -ppowerup=CODE -pcinit=CODE \
  -pfunctab=ENTRY -AEEDATA=00h-0FFh/02100h -peeprom_data=EEDATA -DEEDATA=2 \
  -DCODE=2 -DSTRCODE=2 -DSTRING=2 -DCONST=2 -DENTRY=2 -k \
  C:\Users\mosta\AppData\Local\Temp\s12g.o \
  dist/default/production\2.X.production.o 

Object code version is 3.11

Machine type is 16F877A



                Name                               Link     Load   Length Selector   Space Scale
C:\Users\mosta\AppData\Local\Temp\s12g.o
                end_init                             10       10        3        8       0
                reset_vec                             0        0        3        0       0
                config                             2007     2007        1        0       4
dist/default/production\2.X.production.o
                cinit                                13       13       2A        8       0
                functab                              3D       3D        A       7A       0
                intentry                              4        4        C        8       0
                config                             2007     2007        1        0       4
                text5                               20C      20C        8       8E       0
                text4                               1C8      1C8       15       8E       0
                text3                               145      145       38       8E       0
                text2                                F6       F6       4F       8E       0
                text1                                47       47       AF       8E       0
                maintext                            1A6      1A6       22       8E       0
                cstackBANK0                          66       66        5       20       1
                cstackCOMMON                         70       70        7       70       1
                clrtext                             204      204        8       8E       0
                inittext                            1F1      1F1       13       8E       0
                dataBANK1                            A0       A0       14       A0       1
                dataBANK0                            20       20       29       20       1
                bssBANK0                             49       49       1D       20       1
                bssCOMMON                            77       77        3       70       1
                idataBANK1                          1DD      1DD       14       8E       0
                idataBANK0                          17D      17D       29       8E       0

TOTAL           Name                               Link     Load   Length     Space
        CLASS   STACK          

        CLASS   CODE           
                end_init                             10       10        3         0
                cinit                                13       13       2A         0
                intentry                              4        4        C         0
                reset_vec                             0        0        3         0
                text5                               20C      20C        8         0
                text4                               1C8      1C8       15         0
                text3                               145      145       38         0
                text2                                F6       F6       4F         0
                text1                                47       47       AF         0
                maintext                            1A6      1A6       22         0
                clrtext                             204      204        8         0
                inittext                            1F1      1F1       13         0
                idataBANK1                          1DD      1DD       14         0
                idataBANK0                          17D      17D       29         0

        CLASS   STRCODE        

        CLASS   STRING         

        CLASS   CONST          

        CLASS   ENTRY          
                functab                              3D       3D        A         0

        CLASS   COMMON         
                cstackCOMMON                         70       70        7         1
                bssCOMMON                            77       77        3         1

        CLASS   BANK0          
                cstackBANK0                          66       66        5         1
                dataBANK0                            20       20       29         1
                bssBANK0                             49       49       1D         1

        CLASS   BANK1          
                dataBANK1                            A0       A0       14         1

        CLASS   BANK2          

        CLASS   BANK3          

        CLASS   RAM            

        CLASS   ABS1           
                abs_s1                               7E       7E        2         1

        CLASS   SFR0           

        CLASS   SFR1           

        CLASS   SFR2           

        CLASS   SFR3           

        CLASS   CONFIG         
                config                             2007     2007        1         4

        CLASS   IDLOC          

        CLASS   EEDATA         



SEGMENTS        Name                           Load    Length   Top    Selector   Space  Class     Delta

                reset_vec                      000000  000003  000003         0       0  CODE        2
                intentry                       000004  000039  00003D         8       0  CODE        2
                dataBANK0                      000020  00004B  00006B        20       1  BANK0       1
                cstackCOMMON                   000070  00000A  00007A        70       1  COMMON      1
                functab                        00003D  00000A  000047        7A       0  ENTRY       2
                text1                          000047  0001CD  000214        8E       0  CODE        2
                dataBANK1                      0000A0  000014  0000B4        A0       1  BANK1       1


UNUSED ADDRESS RANGES

        Name                Unused          Largest block    Delta
        BANK0            006B-006F              5           1
        BANK1            00B4-00EF             3C           1
        BANK2            0110-016F             60           1
        BANK3            0190-01EF             60           1
        CODE             0003-0003              1           2
                         0214-1FFF            800
        COMMON           007A-007D              4           1
        CONST            0003-0003              1           2
                         0214-1FFF            100
        EEDATA           2100-21FF            100           2
        ENTRY            0003-0003              1           2
                         0214-1FFF            100
        IDLOC            2000-2003              4           2
        RAM              006B-006F              5           1
                         00B4-00EF             3C
                         0110-016F             60
                         0190-01EF             60
        SFR0             0000-001F             20           1
        SFR1             0080-009F             20           1
        SFR2             0100-010F             10           1
        SFR3             0180-018F             10           1
        STACK            0110-016F             60           1
        STRCODE          0003-0003              1           2
                         0214-1FFF           1DEC
        STRING           0003-0003              1           2
                         0214-1FFF            100

                                  Symbol Table

Dio_ReadChannel@ChannelId           cstackBANK0  006A
Dio_ReadChannel@Pin_Ptr             cstackBANK0  0067
Dio_ReadChannel@output              cstackBANK0  0069
Dio_ReadChannel@x                   cstackBANK0  0066
Dio_WriteChannel@ChannelId          cstackBANK0  0068
Dio_WriteChannel@Level              cstackCOMMON 0073
Dio_WriteChannel@Port_Ptr           cstackBANK0  0066
Port_Init@ConfigPtr                 cstackBANK0  006A
Port_Init@Port_Dir_Ptr              cstackBANK0  0066
Port_Init@Port_Ptr                  cstackBANK0  0068
_ACKEN                              (abs)        048C
_ACKSTAT                            (abs)        048E
_ADCON0                             (abs)        001F
_ADCON0bits                         (abs)        001F
_ADCON1                             (abs)        009F
_ADIE                               (abs)        0466
_ADIF                               (abs)        0066
_ADRESH                             (abs)        001E
_ADRESL                             (abs)        009E
_Dio_ConfigGroupChannel             dataBANK0    0020
_Dio_ReadChannel                    text3        0145
_Dio_WriteChannel                   text2        00F6
_GIE                                (abs)        005F
_GO_DONE                            (abs)        00FA
_Gpt_ReloadValue                    bssBANK0     0054
_Gpt_ThisConfig                     bssBANK0     005C
_Heater_Lamp_Config                 bssBANK0     005E
_I2c_Config                         dataBANK0    0032
_I2c_Configurations                 dataBANK0    003F
_ISR                                text4        01C8
_Interrupt_TimerCallbackFn          text5        020C
_ON_Lamp_Config                     bssBANK0     0062
_PEIE                               (abs)        005E
_Port_Config                        dataBANK1    00A0
_Port_Init                          text1        0047
_RD4                                (abs)        0044
_RD5                                (abs)        0045
_RD6                                (abs)        0046
_RD7                                (abs)        0047
_RE1                                (abs)        0049
_RE2                                (abs)        004A
_SSPADD                             (abs)        0093
_SSPBUF                             (abs)        0013
_SSPCON                             (abs)        0014
_SSPCON2                            (abs)        0091
_SSPIF                              (abs)        0063
_SSPSTAT                            (abs)        0094
_T1CON                              (abs)        0010
_TMR1                               (abs)        000E
_TMR1IE                             (abs)        0460
_TMR1IF                             (abs)        0060
_TRISD                              (abs)        0088
_TRISE1                             (abs)        0449
_TRISE2                             (abs)        044A
__Habs1                             abs1         0000
__Hbank0                            bank0        0000
__Hbank1                            bank1        0000
__Hbank2                            bank2        0000
__Hbank3                            bank3        0000
__HbssBANK0                         bssBANK0     0000
__HbssCOMMON                        bssCOMMON    0000
__Hcinit                            cinit        003D
__Hclrtext                          clrtext      0000
__Hcode                             code         0000
__Hcommon                           common       0000
__Hconfig                           config       2008
__HcstackBANK0                      cstackBANK0  0000
__HcstackCOMMON                     cstackCOMMON 0000
__HdataBANK0                        dataBANK0    0000
__HdataBANK1                        dataBANK1    0000
__Heeprom_data                      eeprom_data  0000
__Hend_init                         end_init     0013
__Hfunctab                          functab      0047
__HidataBANK0                       idataBANK0   0000
__HidataBANK1                       idataBANK1   0000
__Hinit                             init         0010
__Hinittext                         inittext     0000
__Hintentry                         intentry     0010
__Hmaintext                         maintext     0000
__Hpowerup                          powerup      0000
__Hram                              ram          0000
__Hreset_vec                        reset_vec    0003
__Hsfr0                             sfr0         0000
__Hsfr1                             sfr1         0000
__Hsfr2                             sfr2         0000
__Hsfr3                             sfr3         0000
__Hspace_0                          (abs)        0214
__Hspace_1                          (abs)        00B4
__Hspace_2                          (abs)        0000
__Hspace_3                          (abs)        0000
__Hspace_4                          (abs)        400F
__Hstack                            stack        0000
__Hstrings                          strings      0000
__Htext                             text         0000
__Labs1                             abs1         0000
__Lbank0                            bank0        0000
__Lbank1                            bank1        0000
__Lbank2                            bank2        0000
__Lbank3                            bank3        0000
__LbssBANK0                         bssBANK0     0000
__LbssCOMMON                        bssCOMMON    0000
__Lcinit                            cinit        0013
__Lclrtext                          clrtext      0000
__Lcode                             code         0000
__Lcommon                           common       0000
__Lconfig                           config       0000
__LcstackBANK0                      cstackBANK0  0000
__LcstackCOMMON                     cstackCOMMON 0000
__LdataBANK0                        dataBANK0    0000
__LdataBANK1                        dataBANK1    0000
__Leeprom_data                      eeprom_data  0000
__Lend_init                         end_init     0010
__Lfunctab                          functab      003D
__LidataBANK0                       idataBANK0   0000
__LidataBANK1                       idataBANK1   0000
__Linit                             init         0010
__Linittext                         inittext     0000
__Lintentry                         intentry     0004
__Lmaintext                         maintext     0000
__Lpowerup                          powerup      0000
__Lram                              ram          0000
__Lreset_vec                        reset_vec    0000
__Lsfr0                             sfr0         0000
__Lsfr1                             sfr1         0000
__Lsfr2                             sfr2         0000
__Lsfr3                             sfr3         0000
__Lspace_0                          (abs)        0000
__Lspace_1                          (abs)        0000
__Lspace_2                          (abs)        0000
__Lspace_3                          (abs)        0000
__Lspace_4                          (abs)        0000
__Lstack                            stack        0000
__Lstrings                          strings      0000
__Ltext                             text         0000
__S0                                (abs)        0214
__S1                                (abs)        00B4
__S2                                (abs)        0000
__S3                                (abs)        0000
___int_sp                           stack        0000
___latbits                          (abs)        0002
___sp                               stack        0000
___stackhi                          (abs)        0000
___stacklo                          (abs)        0000
__end_of_Dio_ReadChannel            text3        017D
__end_of_Dio_WriteChannel           text2        0145
__end_of_ISR                        text4        01DD
__end_of_Interrupt_TimerCallbackFn  text5        0214
__end_of_Port_Init                  text1        00F6
__end_of__i1fptable                 functab      0047
__end_of__initialization            cinit        0039
__end_of_main                       maintext     01C8
__i1fptable                         functab      003E
__initialization                    cinit        0013
__pbssBANK0                         bssBANK0     0049
__pbssCOMMON                        bssCOMMON    0077
__pcstackBANK0                      cstackBANK0  0066
__pcstackCOMMON                     cstackCOMMON 0070
__pdataBANK0                        dataBANK0    0020
__pdataBANK1                        dataBANK1    00A0
__pfunctab                          functab      003D
__pidataBANK0                       idataBANK0   017D
__pidataBANK1                       idataBANK1   01DD
__pintentry                         intentry     0004
__pmaintext                         maintext     01A6
__ptext1                            text1        0047
__ptext2                            text2        00F6
__ptext3                            text3        0145
__ptext4                            text4        01C8
__ptext5                            text5        020C
__size_of_Dio_ReadChannel           (abs)        0000
__size_of_Dio_WriteChannel          (abs)        0000
__size_of_ISR                       (abs)        0000
__size_of_Interrupt_TimerCallbackFn (abs)        0000
__size_of_Port_Init                 (abs)        0000
__size_of__i1fptable                (abs)        0000
__size_of_main                      (abs)        0000
_callbackTable                      bssBANK0     0049
_main                               maintext     01A6
btemp                               (abs)        007E
clear_ram0                          clrtext      0204
end_of_initialization               cinit        0039
fpbase                              (abs)        0000
fptable                             functab      003D
fptotal                             (abs)        0000
i1fpbase                            functab      0043
i1fptable                           functab      003E
i1fptotal                           (abs)        0001
init_fetch0                         inittext     01F1
init_ram0                           inittext     01F5
interrupt_function                  intentry     0004
intlevel0                           functab      003D
intlevel1                           functab      003D
intlevel2                           functab      003D
intlevel3                           functab      003D
intlevel4                           functab      003D
intlevel5                           functab      003D
reset_vec                           reset_vec    0000
saved_w                             (abs)        007E
start                               init         0010
start_initialization                cinit        0013
wtemp0                              (abs)        007E


FUNCTION INFORMATION:

 *************** function _main *****************
 Defined at:
		line 112 in file "main.c"
 Parameters:    Size  Location     Type
		None
 Auto vars:     Size  Location     Type
		None
 Return value:  Size  Location     Type
                  1    wreg      void 
 Registers used:
		wreg, fsr0l, fsr0h, status,2, status,0, btemp+1, pclath, cstack
 Tracked objects:
		On entry : 
		On exit  : 
		Unchanged: 
 Data sizes:     COMMON   BANK0   BANK1   BANK3   BANK2
      Params:         0       0       0       0       0
      Locals:         0       0       0       0       0
      Temps:          0       0       0       0       0
      Totals:         0       0       0       0       0
Total ram usage:        0 bytes
 Hardware stack levels required when called:    3
 This function calls:
		_Dio_ReadChannel
		_Dio_WriteChannel
		_Port_Init
 This function is called by:
		Startup code after reset
 This function uses a non-reentrant model


 *************** function _Port_Init *****************
 Defined at:
		line 17 in file "Port.c"
 Parameters:    Size  Location     Type
  ConfigPtr       1    wreg     PTR const struct .
		 -> I2c_Configurations(10), Port_Config(20), 
 Auto vars:     Size  Location     Type
  ConfigPtr       1    4[BANK0 ] PTR const struct .
		 -> I2c_Configurations(10), Port_Config(20), 
  Port_Ptr        2    2[BANK0 ] PTR volatile unsigned ch
		 -> RAM(512), NULL(0), 
  Port_Dir_Ptr    2    0[BANK0 ] PTR volatile unsigned ch
		 -> RAM(512), 
 Return value:  Size  Location     Type
                  1    wreg      void 
 Registers used:
		wreg, fsr0l, fsr0h, status,2, status,0, btemp+1
 Tracked objects:
		On entry : 
		On exit  : 
		Unchanged: 
 Data sizes:     COMMON   BANK0   BANK1   BANK3   BANK2
      Params:         0       0       0       0       0
      Locals:         0       5       0       0       0
      Temps:          2       0       0       0       0
      Totals:         2       5       0       0       0
Total ram usage:        7 bytes
 Hardware stack levels used:    1
 Hardware stack levels required when called:    2
 This function calls:
		Nothing
 This function is called by:
		_main
		_I2c_Init
		_Adc_init
		_ADC_Init
 This function uses a non-reentrant model


 *************** function _Dio_WriteChannel *****************
 Defined at:
		line 26 in file "Dio.c"
 Parameters:    Size  Location     Type
  ChannelId       1    wreg     unsigned char 
  Level           1    3[COMMON] unsigned char 
 Auto vars:     Size  Location     Type
  ChannelId       1    2[BANK0 ] unsigned char 
  Port_Ptr        2    0[BANK0 ] PTR volatile unsigned ch
		 -> RAM(512), NULL(0), 
 Return value:  Size  Location     Type
                  1    wreg      void 
 Registers used:
		wreg, fsr0l, fsr0h, status,2, status,0, btemp+1
 Tracked objects:
		On entry : 
		On exit  : 
		Unchanged: 
 Data sizes:     COMMON   BANK0   BANK1   BANK3   BANK2
      Params:         1       0       0       0       0
      Locals:         0       3       0       0       0
      Temps:          3       0       0       0       0
      Totals:         4       3       0       0       0
Total ram usage:        7 bytes
 Hardware stack levels used:    1
 Hardware stack levels required when called:    2
 This function calls:
		Nothing
 This function is called by:
		_main
		_writeLed
 This function uses a non-reentrant model


 *************** function _Dio_ReadChannel *****************
 Defined at:
		line 42 in file "Dio.c"
 Parameters:    Size  Location     Type
  ChannelId       1    wreg     unsigned char 
 Auto vars:     Size  Location     Type
  ChannelId       1    4[BANK0 ] unsigned char 
  Pin_Ptr         2    1[BANK0 ] PTR volatile unsigned ch
		 -> RAM(512), NULL(0), 
  output          1    3[BANK0 ] unsigned char 
  x               1    0[BANK0 ] unsigned char 
 Return value:  Size  Location     Type
                  1    wreg      unsigned char 
 Registers used:
		wreg, fsr0l, fsr0h, status,2, status,0, btemp+1
 Tracked objects:
		On entry : 
		On exit  : 
		Unchanged: 
 Data sizes:     COMMON   BANK0   BANK1   BANK3   BANK2
      Params:         0       0       0       0       0
      Locals:         0       5       0       0       0
      Temps:          3       0       0       0       0
      Totals:         3       5       0       0       0
Total ram usage:        8 bytes
 Hardware stack levels used:    1
 Hardware stack levels required when called:    2
 This function calls:
		Nothing
 This function is called by:
		_main
 This function uses a non-reentrant model


 *************** function _ISR *****************
 Defined at:
		line 7 in file "interrupt.c"
 Parameters:    Size  Location     Type
		None
 Auto vars:     Size  Location     Type
		None
 Return value:  Size  Location     Type
                  1    wreg      void 
 Registers used:
		wreg, status,2, status,0, pclath, cstack
 Tracked objects:
		On entry : 
		On exit  : 
		Unchanged: 
 Data sizes:     COMMON   BANK0   BANK1   BANK3   BANK2
      Params:         0       0       0       0       0
      Locals:         0       0       0       0       0
      Temps:          3       0       0       0       0
      Totals:         3       0       0       0       0
Total ram usage:        3 bytes
 Hardware stack levels used:    1
 Hardware stack levels required when called:    1
 This function calls:
		_Interrupt_TimerCallbackFn
 This function is called by:
		Interrupt level 1
 This function uses a non-reentrant model


 *************** function _Interrupt_TimerCallbackFn *****************
 Defined at:
		line 6 in file "Gpt.c"
 Parameters:    Size  Location     Type
		None
 Auto vars:     Size  Location     Type
		None
 Return value:  Size  Location     Type
                  1    wreg      void 
 Registers used:
		wreg
 Tracked objects:
		On entry : 
		On exit  : 
		Unchanged: 
 Data sizes:     COMMON   BANK0   BANK1   BANK3   BANK2
      Params:         0       0       0       0       0
      Locals:         0       0       0       0       0
      Temps:          0       0       0       0       0
      Totals:         0       0       0       0       0
Total ram usage:        0 bytes
 Hardware stack levels used:    1
 This function calls:
		Nothing
 This function is called by:
		_Gpt_Init
		_ISR
 This function uses a non-reentrant model



MODULE INFORMATION

Module		Function		Class		Link	Load	Size
Gpt.c
		_Interrupt_TimerCallbackFn		CODE           	020C	0000	9

Gpt.c estimated size: 9

Port.c
		_Port_Init     		CODE           	0047	0000	176

Port.c estimated size: 176

Dio.c
		_Dio_ReadChannel		CODE           	0145	0000	57
		_Dio_WriteChannel		CODE           	00F6	0000	80

Dio.c estimated size: 137

interrupt.c
		_ISR           		CODE           	01C8	0000	22

interrupt.c estimated size: 22

shared
		__i1fptable    		ENTRY          	003E	0000	10
		__initialization		CODE           	0013	0000	39

shared estimated size: 49

main.c
		_main          		CODE           	01A6	0000	35

main.c estimated size: 35

